<?xml version="1.0" encoding="UTF-8"?><orders>
  <order id="1234">
    <product id="LIPSTICK01" weight="30">
      <price currency="USD">14.99</price>Cherry Bloom</product>
  </order>
</orders>
